============================================================
날카로운 질문 생성 파이프라인 테스트
============================================================
[PIPELINE] 1개 문항 분석 시작...
[PIPELINE] 문항 분석 시작...
[PIPELINE] STEP 2-3 완료 (16.3s)
[PIPELINE] STEP 4 완료 (20.8s)
[PIPELINE] STEP 5 완료 (31.2s)
[PIPELINE] STEP 6 완료 (45.4s)
[PIPELINE] 분석 완료! 총 45.4초
[PIPELINE] 전체 분석 완료! 총 45.4초

============================================================
생성된 질문들
============================================================

[질문 1]
  대상: 저는 팀워크가 제일 중요하다고 생각합니다....
  취약점: no_evidence
  질문: '팀워크가 제일 중요하다'고 하셨는데, 팀워크 때문에 본인이 손해 본 적은 없습니까?
  예상답변/꼬리질문:
    - 그런 적은 없었습니다. → 그럼 본인이 팀워크를 중시함에도 불구하고 손해를 본 경험이 없다면, 정말로 팀워크의 중요성을 이해하고 있다고 할 수 있을까요?
    - 있었습니다. → 그럼 그 경험에서 어떤 교훈을 얻으셨고, 앞으로 어떻게 적용하실 건가요?

[질문 2]
  대상: 공동체 덕분에 극복할 수 있었습니다....
  취약점: no_evidence
  질문: '혼자였으면 절대 극복 못 했다'고 하셨는데요, 그럼 본인은 혼자서는 뭘 못 하는 사람입니까?
  예상답변/꼬리질문:
    - 아니요, 그런 것은 아닙니다. → 그럼 본인이 극복한 사례가 있다면, 그 때는 어떤 방식으로 혼자 해결하셨나요?
    - 그렇다고 볼 수 있습니다. → 그런데 그렇게 생각하시면서도 팀워크를 중시하는 이유는 무엇인가요?

[질문 3]
  대상: 좋은 팀컬러를 만들기 위해 항상 먼저 다가가고 소통하려고 노력하고 있습니다....
  취약점: abstraction
  질문: 자소서에 '먼저 다가간다'고 하셨는데, 상대가 다가오는 걸 거부하면요? 그래도 계속 다가가십니까?
  예상답변/꼬리질문:
    - 그럴 경우에는 상황을 고려합니다. → 상황을 고려한다면, 그 과정을 어떻게 판단하실 건가요?
    - 계속 다가갑니다. → 그렇다면 상대방의 거부를 무시하는 것이 팀워크에 도움이 된다고 생각하십니까?
